__tests__/feature/config/load-fresh-engine-set.ts(8,20): error TS2307: Cannot find module '#/engines/config-engine' or its corresponding type declarations.
__tests__/feature/config/load-fresh-engine-set.ts(9,20): error TS2307: Cannot find module '#/engines/keybind-engine' or its corresponding type declarations.
__tests__/feature/config/load-fresh-engine-set.ts(10,20): error TS2307: Cannot find module '#/engines/event-engine' or its corresponding type declarations.
__tests__/feature/config/load-fresh-engine-set.ts(11,20): error TS2307: Cannot find module '#/engines/kernel-engine' or its corresponding type declarations.
__tests__/feature/config/load-fresh-engine-set.ts(12,20): error TS2307: Cannot find module '#/engines/fs-engine' or its corresponding type declarations.
__tests__/feature/fs/create-artifact-fs-adapter-mock.ts(55,55): error TS2307: Cannot find module '#/engines/fs/filesystem-storage' or its corresponding type declarations.
__tests__/feature/fs/create-artifact-fs-adapter-mock.ts(64,63): error TS2345: Argument of type 'unknown' is not assignable to parameter of type 'FsResolvedTarget'.
__tests__/feature/fs/create-artifact-fs-adapter-mock.ts(70,64): error TS2345: Argument of type 'unknown' is not assignable to parameter of type 'FsResolvedTarget'.
__tests__/feature/fs/create-artifact-fs-adapter-mock.ts(72,43): error TS2345: Argument of type 'unknown' is not assignable to parameter of type 'string | ArrayBufferView<ArrayBufferLike> | Iterable<string | ArrayBufferView<ArrayBufferLike>> | AsyncIterable<...> | Stream'.
__tests__/feature/fs/create-artifact-fs-adapter-mock.ts(78,65): error TS2345: Argument of type 'unknown' is not assignable to parameter of type 'FsResolvedTarget'.
__tests__/feature/fs/create-artifact-fs-adapter-mock.ts(82,51): error TS2345: Argument of type 'unknown' is not assignable to parameter of type 'FsResolvedTarget'.
__tests__/feature/fs/create-artifact-fs-adapter-mock.ts(86,73): error TS2345: Argument of type 'unknown' is not assignable to parameter of type 'FsResolvedTarget'.
__tests__/feature/fs/create-artifact-fs-adapter-mock.ts(90,60): error TS2345: Argument of type 'unknown' is not assignable to parameter of type 'FsResolvedTarget'.
__tests__/feature/fs/fs-engine.feature.test.ts(16,26): error TS2307: Cannot find module '#/engines/fs-engine' or its corresponding type declarations.
__tests__/feature/fs/fs-engine.feature.test.ts(129,38): error TS7006: Parameter 'entry' implicitly has an 'any' type.
__tests__/feature/fs/fs-engine.feature.test.ts(210,34): error TS2307: Cannot find module '#/engines/fs/filesystem-storage' or its corresponding type declarations.
__tests__/feature/fs/fs-engine.feature.test.ts(213,34): error TS2307: Cannot find module '#/engines/fs/filesystem-storage' or its corresponding type declarations.
__tests__/feature/fs/fs-engine.feature.test.ts(216,34): error TS2307: Cannot find module '#/engines/fs/filesystem-storage' or its corresponding type declarations.
src/app-desktop/components/layout/spatial-virtualizer.tsx(85,47): error TS2345: Argument of type 'unknown' is not assignable to parameter of type 'Element'.
src/app-desktop/components/layout/spatial-virtualizer.tsx(86,46): error TS2345: Argument of type 'unknown' is not assignable to parameter of type 'Element'.
src/app-desktop/components/layout/spatial-virtualizer.tsx(89,63): error TS2345: Argument of type 'unknown' is not assignable to parameter of type 'Element'.
src/app-desktop/components/layout/spatial-virtualizer.tsx(94,25): error TS18046: 'target' is of type 'unknown'.
src/app-desktop/components/layout/spatial-virtualizer.tsx(95,42): error TS2345: Argument of type 'unknown' is not assignable to parameter of type 'Element'.
src/app-desktop/components/widgets/loading-widget.tsx(1,25): error TS2307: Cannot find module '../../core/packages/system/components/loading-widget' or its corresponding type declarations.
src/app-desktop/components/widgets/loading-widget.tsx(2,42): error TS2307: Cannot find module '../../core/packages/system/components/loading-widget' or its corresponding type declarations.
src/app-desktop/components/widgets/system-console.tsx(1,25): error TS2307: Cannot find module '../../core/packages/system/components/system-console' or its corresponding type declarations.
src/app-desktop/components/widgets/system-console.tsx(2,42): error TS2307: Cannot find module '../../core/packages/system/components/system-console' or its corresponding type declarations.
src/app-desktop/components/widgets/system-widget.tsx(1,25): error TS2307: Cannot find module '../../core/packages/system/components/system-widget' or its corresponding type declarations.
src/app-desktop/components/widgets/system-widget.tsx(2,41): error TS2307: Cannot find module '../../core/packages/system/components/system-widget' or its corresponding type declarations.
src/app-desktop/engines/logger-engine.ts(131,15): error TS6133: 'logLine' is declared but its value is never read.
src/app-desktop/hooks/use-ace-event.ts(2,26): error TS2307: Cannot find module '#/engines/event-engine' or its corresponding type declarations.
src/app-desktop/hooks/use-ace-event.ts(4,15): error TS2305: Module '"#/shared/schemas/events.ts"' has no exported member 'Emitter'.
src/app-desktop/hooks/use-ace-event.ts(4,15): error TS6196: 'Emitter' is declared but never used.
src/app-desktop/hooks/use-ace-event.ts(4,35): error TS2305: Module '"#/shared/schemas/events.ts"' has no exported member 'Listener'.
src/app-desktop/hooks/use-ace-event.ts(9,28): error TS6133: 'T' is declared but its value is never read.
src/app-desktop/hooks/use-render-count.ts(2,18): error TS6133: 'useEffect' is declared but its value is never read.
src/app-desktop/hooks/use-render-count.ts(4,32): error TS6133: 'componentName' is declared but its value is never read.
src/app-desktop/hooks/use-window-context.tsx(1,8): error TS6133: 'React' is declared but its value is never read.
src/app-desktop/hooks/use-window-snapshot.ts(1,30): error TS2307: Cannot find module '#/engines/kernel-engine' or its corresponding type declarations.
src/packages/system/components/system-ram-monitor.tsx(3,1): error TS6133: 'RenderCounterBadge' is declared but its value is never read.
src/shared/engines/kernel-engine/types.ts(2,5): error TS6196: 'ProcessKind' is declared but never used.
src/shared/engines/kernel-engine/types.ts(3,5): error TS6196: 'ProcessLifecycleState' is declared but never used.
src/shared/engines/kernel-engine/types.ts(5,5): error TS6196: 'ProcessRuntimeMemoryMeta' is declared but never used.
src/shared/engines/kernel-engine/types.ts(6,5): error TS6196: 'ProcessStatus' is declared but never used.
src/shared/engines/kernel-engine/types.ts(7,5): error TS6196: 'RuntimeMemoryRetentionPolicy' is declared but never used.
src/shared/engines/kernel-engine/types.ts(8,5): error TS6196: 'RuntimeMemoryScope' is declared but never used.
src/shared/engines/kernel-engine/types.ts(9,5): error TS6196: 'RuntimeMemoryState' is declared but never used.
src/shared/lib/index.ts(1,1): error TS6133: 'readProcessEnv' is declared but its value is never read.
src/shared/schemas/events.ts(1,1): error TS6133: 'z' is declared but its value is never read.
